{"ts":"2026-06-07T00:23:24.233Z","event":"engine.start","skip_completed_on_retry":true}
{"ts":"2026-06-07T00:23:24.314Z","event":"engine.preflight.ok","checks":3}
{"ts":"2026-06-07T00:23:24.326Z","event":"triage.start","count":0}
{"ts":"2026-06-07T00:23:24.328Z","event":"triage.end","processed":0,"failed":0}
{"ts":"2026-06-07T00:23:26.504Z","event":"engine.resume","cycle_id":"0003","issue_id":"txt-20260606-213625-instant-permission-rules-email-privacy","from_step":"build","completed_steps":["spec","research","plan"]}
{"ts":"2026-06-07T00:23:26.568Z","event":"cycle.resume","cycle_id":"0003","workflow":"feature","title":"InstantDB permission rules: student email privacy + session write authorization","issue_id":"txt-20260606-213625-instant-permission-rules-email-privacy","start_step_index":3}
{"ts":"2026-06-07T00:23:26.575Z","event":"step.start","cycle_id":"0003","step":"build","agent":"claudecode"}
{"ts":"2026-06-07T00:37:32.550Z","event":"step.completion_check","cycle_id":"0003","step":"build","artifact":"/mnt/c/Users/butters/wrk/blended/docs/cycle/0003-feature-instantdb-permission-rules-student-email/BUILD.md","status":"pass"}
{"ts":"2026-06-07T00:37:33.937Z","event":"step.end","cycle_id":"0003","step":"build","status":"ok","exit_code":0,"duration_ms":847362}
{"ts":"2026-06-07T00:37:33.939Z","event":"step.start","cycle_id":"0003","step":"review","agent":"claudecode"}
{"ts":"2026-06-07T00:42:44.034Z","event":"step.completion_check","cycle_id":"0003","step":"review","artifact":"/mnt/c/Users/butters/wrk/blended/docs/cycle/0003-feature-instantdb-permission-rules-student-email/REVIEW.md","status":"pass"}
{"ts":"2026-06-07T00:42:44.036Z","event":"step.end","cycle_id":"0003","step":"review","status":"ok","exit_code":0,"duration_ms":310097}
{"ts":"2026-06-07T00:42:44.040Z","event":"step.start","cycle_id":"0003","step":"fix","agent":"claudecode"}
{"ts":"2026-06-07T00:50:04.484Z","event":"step.completion_check","cycle_id":"0003","step":"fix","artifact":"/mnt/c/Users/butters/wrk/blended/docs/cycle/0003-feature-instantdb-permission-rules-student-email/FIX.md","status":"pass"}
{"ts":"2026-06-07T00:50:05.485Z","event":"step.end","cycle_id":"0003","step":"fix","status":"ok","exit_code":0,"duration_ms":441447}
{"ts":"2026-06-07T00:50:05.487Z","event":"step.start","cycle_id":"0003","step":"verify","agent":"bash"}
{"ts":"2026-06-07T00:50:09.488Z","event":"step.end","cycle_id":"0003","step":"verify","status":"ok","exit_code":0,"duration_ms":4001}
{"ts":"2026-06-07T00:50:09.491Z","event":"step.start","cycle_id":"0003","step":"reflection","agent":"claudecode"}
{"ts":"2026-06-07T00:51:58.762Z","event":"reflection.deferred_issue_written","cycle_id":"0003","raw_id":"refl-0003-push-perms-schema-to-live-instant-app-an","title":"push perms+schema to live Instant app and prove permissions e2e","bucket":"defer","priority":"critical"}
{"ts":"2026-06-07T00:51:58.777Z","event":"reflection.deferred_issue_written","cycle_id":"0003","raw_id":"refl-0003-tighten-participants-fail-open-update-an","title":"tighten participants fail-open update and delete before join cycle","bucket":"defer","priority":"high"}
{"ts":"2026-06-07T00:51:58.778Z","event":"reflection.cap_reached","cycle_id":"0003","title":"cover perms probe and authenticated harness in tokenless CI","bucket":"defer","dropped_count":1}
{"ts":"2026-06-07T00:51:58.780Z","event":"reflection.skipped","cycle_id":"0003","reason":"invalid_entry","entry_index":3,"field":"bucket"}
{"ts":"2026-06-07T00:51:58.782Z","event":"reflection.skipped","cycle_id":"0003","reason":"invalid_entry","entry_index":4,"field":"bucket"}
{"ts":"2026-06-07T00:51:58.795Z","event":"reflection.summary","cycle_id":"0003","count":2,"skipped":2,"fix_now":0,"cap_dropped":1,"dedup_skipped":0}
{"ts":"2026-06-07T00:51:58.797Z","event":"step.end","cycle_id":"0003","step":"reflection","status":"ok","exit_code":0,"duration_ms":109306}
{"ts":"2026-06-07T00:51:58.800Z","event":"step.end","cycle_id":"0003","step":"final_fix","status":"skipped","reason":"skip_unless_artifact_missing","artifact":"FINAL_FIXES.md","duration_ms":1}
{"ts":"2026-06-07T00:51:58.802Z","event":"step.start","cycle_id":"0003","step":"final_verify","agent":"bash"}
{"ts":"2026-06-07T00:52:02.716Z","event":"step.end","cycle_id":"0003","step":"final_verify","status":"ok","exit_code":0,"duration_ms":3914}
{"ts":"2026-06-07T00:52:02.718Z","event":"step.start","cycle_id":"0003","step":"documentation","agent":"claudecode"}
{"ts":"2026-06-07T00:53:14.079Z","event":"step.completion_check","cycle_id":"0003","step":"documentation","artifact":"/mnt/c/Users/butters/wrk/blended/docs/cycle/0003-feature-instantdb-permission-rules-student-email/DOCUMENTATION.md","status":"pass"}
{"ts":"2026-06-07T00:53:14.864Z","event":"step.end","cycle_id":"0003","step":"documentation","status":"ok","exit_code":0,"duration_ms":72146}
{"ts":"2026-06-07T00:53:14.867Z","event":"step.start","cycle_id":"0003","step":"walkthrough_capture","agent":"bash"}
{"ts":"2026-06-07T00:54:03.804Z","event":"step.end","cycle_id":"0003","step":"walkthrough_capture","status":"ok","exit_code":0,"duration_ms":48938,"walkthrough_artifacts":"/mnt/c/Users/butters/wrk/blended/docs/cycle/0003-feature-instantdb-permission-rules-student-email/walkthrough-artifacts.json"}
{"ts":"2026-06-07T00:54:03.806Z","event":"cycle.end","cycle_id":"0003","status":"ok"}
{"ts":"2026-06-07T00:54:03.874Z","event":"cycle.checkout","cycle_id":"0003","status":"skipped","base":"main","head_before":"main","reason":"trunk"}
{"ts":"2026-06-07T00:54:04.371Z","event":"cycle.base_pull","cycle_id":"0003","status":"ok","base":"main","sha_before":"71d67dcdc9e6194d8c6d41ff292cba544b12f11f","sha_after":"71d67dcdc9e6194d8c6d41ff292cba544b12f11f"}
